MPLINK 4.49, Linker
Linker Map File - Created Fri May 07 19:37:09 2021

                                 Section Info
                  Section       Type    Address   Location Size(Bytes)
                ---------  ---------  ---------  ---------  ---------
                   .org_0       code   0x000000    program   0x000002
                   .cinit    romdata   0x000001    program   0x000004
                   .org_1       code   0x000004    program   0x00006a
                     prog       code   0x000039    program   0x0001e0
   .config_2007_ALARMEO.O       code   0x002007    program   0x000002



                              Program Memory Usage 
                               Start         End      
                           ---------   ---------      
                            0x000000    0x000002      
                            0x000004    0x000128      
                            0x002007    0x002007      
            297 out of 2182 program addresses used, program memory utilization is 13%



                              Symbols - Sorted by Name
                     Name    Address   Location    Storage File                     
                ---------  ---------  ---------  --------- ---------                
             _.org_1_000D   0x00000d    program     static C:\2021\projeto\alarme\asm\alarmeg.asm
             _.org_1_000F   0x00000f    program     static C:\2021\projeto\alarme\asm\alarmeg.asm
             _.org_1_0024   0x000024    program     static C:\2021\projeto\alarme\asm\alarmeg.asm
             _.org_1_0027   0x000027    program     static C:\2021\projeto\alarme\asm\alarmeg.asm
               _prog_0038   0x000071    program     static C:\2021\projeto\alarme\asm\alarmeo.asm
               _prog_003A   0x000073    program     static C:\2021\projeto\alarme\asm\alarmeo.asm
               _prog_003E   0x000077    program     static C:\2021\projeto\alarme\asm\alarmeo.asm
               _prog_0040   0x000079    program     static C:\2021\projeto\alarme\asm\alarmeo.asm
               _prog_0044   0x00007d    program     static C:\2021\projeto\alarme\asm\alarmeo.asm
               _prog_0046   0x00007f    program     static C:\2021\projeto\alarme\asm\alarmeo.asm
               _prog_004C   0x000085    program     static C:\2021\projeto\alarme\asm\alarmeo.asm
               _prog_0054   0x00008d    program     static C:\2021\projeto\alarme\asm\alarmeo.asm
               _prog_005F   0x000098    program     static C:\2021\projeto\alarme\asm\alarmeo.asm
               _prog_00A6   0x0000df    program     static C:\2021\projeto\alarme\asm\alarmeo.asm
               _prog_00AA   0x0000e3    program     static C:\2021\projeto\alarme\asm\alarmeo.asm
               _prog_00AE   0x0000e7    program     static C:\2021\projeto\alarme\asm\alarmeo.asm
               _prog_00B0   0x0000e9    program     static C:\2021\projeto\alarme\asm\alarmeo.asm
               _prog_00B2   0x0000eb    program     static C:\2021\projeto\alarme\asm\alarmeo.asm
               _prog_00B6   0x0000ef    program     static C:\2021\projeto\alarme\asm\alarmeo.asm
               _prog_00B8   0x0000f1    program     static C:\2021\projeto\alarme\asm\alarmeo.asm
               _prog_00BA   0x0000f3    program     static C:\2021\projeto\alarme\asm\alarmeo.asm
               _prog_00BD   0x0000f6    program     static C:\2021\projeto\alarme\asm\alarmeo.asm
               _prog_00C0   0x0000f9    program     static C:\2021\projeto\alarme\asm\alarmeo.asm
               _prog_00C2   0x0000fb    program     static C:\2021\projeto\alarme\asm\alarmeo.asm
               _prog_00C5   0x0000fe    program     static C:\2021\projeto\alarme\asm\alarmeo.asm
                 atualiza   0x0000bd    program     extern C:\2021\projeto\alarme\asm\alarmeo.asm
                 entradig   0x000039    program     extern C:\2021\projeto\alarme\asm\alarmeo.asm
                   inicio   0x000016    program     static C:\2021\projeto\alarme\asm\alarmeg.asm
                      isr   0x000005    program     static C:\2021\projeto\alarme\asm\alarmeg.asm
                   isrsai   0x000011    program     static C:\2021\projeto\alarme\asm\alarmeg.asm
                    pilha   0x00006e    program     static C:\2021\projeto\alarme\asm\alarmeo.asm
                      pop   0x000114    program     static C:\2021\projeto\alarme\asm\alarmeo.asm
                 processa   0x000089    program     extern C:\2021\projeto\alarme\asm\alarmeo.asm
                     push   0x000102    program     static C:\2021\projeto\alarme\asm\alarmeo.asm
                   reloff   0x0000cc    program     static C:\2021\projeto\alarme\asm\alarmeo.asm
                saiteclai   0x000087    program     static C:\2021\projeto\alarme\asm\alarmeo.asm
                sentinela   0x000033    program     static C:\2021\projeto\alarme\asm\alarmeg.asm
                   siroff   0x0000dc    program     static C:\2021\projeto\alarme\asm\alarmeo.asm
                    siron   0x0000d4    program     static C:\2021\projeto\alarme\asm\alarmeo.asm
                   teclai   0x000070    program     static C:\2021\projeto\alarme\asm\alarmeo.asm
                      top   0x000126    program     static C:\2021\projeto\alarme\asm\alarmeo.asm
                verisenha   0x0000aa    program     static C:\2021\projeto\alarme\asm\alarmeo.asm



                              Symbols - Sorted by Address
                     Name    Address   Location    Storage File                     
                ---------  ---------  ---------  --------- ---------                
                      isr   0x000005    program     static C:\2021\projeto\alarme\asm\alarmeg.asm
             _.org_1_000D   0x00000d    program     static C:\2021\projeto\alarme\asm\alarmeg.asm
             _.org_1_000F   0x00000f    program     static C:\2021\projeto\alarme\asm\alarmeg.asm
                   isrsai   0x000011    program     static C:\2021\projeto\alarme\asm\alarmeg.asm
                   inicio   0x000016    program     static C:\2021\projeto\alarme\asm\alarmeg.asm
             _.org_1_0024   0x000024    program     static C:\2021\projeto\alarme\asm\alarmeg.asm
             _.org_1_0027   0x000027    program     static C:\2021\projeto\alarme\asm\alarmeg.asm
                sentinela   0x000033    program     static C:\2021\projeto\alarme\asm\alarmeg.asm
                 entradig   0x000039    program     extern C:\2021\projeto\alarme\asm\alarmeo.asm
                    pilha   0x00006e    program     static C:\2021\projeto\alarme\asm\alarmeo.asm
                   teclai   0x000070    program     static C:\2021\projeto\alarme\asm\alarmeo.asm
               _prog_0038   0x000071    program     static C:\2021\projeto\alarme\asm\alarmeo.asm
               _prog_003A   0x000073    program     static C:\2021\projeto\alarme\asm\alarmeo.asm
               _prog_003E   0x000077    program     static C:\2021\projeto\alarme\asm\alarmeo.asm
               _prog_0040   0x000079    program     static C:\2021\projeto\alarme\asm\alarmeo.asm
               _prog_0044   0x00007d    program     static C:\2021\projeto\alarme\asm\alarmeo.asm
               _prog_0046   0x00007f    program     static C:\2021\projeto\alarme\asm\alarmeo.asm
               _prog_004C   0x000085    program     static C:\2021\projeto\alarme\asm\alarmeo.asm
                saiteclai   0x000087    program     static C:\2021\projeto\alarme\asm\alarmeo.asm
                 processa   0x000089    program     extern C:\2021\projeto\alarme\asm\alarmeo.asm
               _prog_0054   0x00008d    program     static C:\2021\projeto\alarme\asm\alarmeo.asm
               _prog_005F   0x000098    program     static C:\2021\projeto\alarme\asm\alarmeo.asm
                verisenha   0x0000aa    program     static C:\2021\projeto\alarme\asm\alarmeo.asm
                 atualiza   0x0000bd    program     extern C:\2021\projeto\alarme\asm\alarmeo.asm
                   reloff   0x0000cc    program     static C:\2021\projeto\alarme\asm\alarmeo.asm
                    siron   0x0000d4    program     static C:\2021\projeto\alarme\asm\alarmeo.asm
                   siroff   0x0000dc    program     static C:\2021\projeto\alarme\asm\alarmeo.asm
               _prog_00A6   0x0000df    program     static C:\2021\projeto\alarme\asm\alarmeo.asm
               _prog_00AA   0x0000e3    program     static C:\2021\projeto\alarme\asm\alarmeo.asm
               _prog_00AE   0x0000e7    program     static C:\2021\projeto\alarme\asm\alarmeo.asm
               _prog_00B0   0x0000e9    program     static C:\2021\projeto\alarme\asm\alarmeo.asm
               _prog_00B2   0x0000eb    program     static C:\2021\projeto\alarme\asm\alarmeo.asm
               _prog_00B6   0x0000ef    program     static C:\2021\projeto\alarme\asm\alarmeo.asm
               _prog_00B8   0x0000f1    program     static C:\2021\projeto\alarme\asm\alarmeo.asm
               _prog_00BA   0x0000f3    program     static C:\2021\projeto\alarme\asm\alarmeo.asm
               _prog_00BD   0x0000f6    program     static C:\2021\projeto\alarme\asm\alarmeo.asm
               _prog_00C0   0x0000f9    program     static C:\2021\projeto\alarme\asm\alarmeo.asm
               _prog_00C2   0x0000fb    program     static C:\2021\projeto\alarme\asm\alarmeo.asm
               _prog_00C5   0x0000fe    program     static C:\2021\projeto\alarme\asm\alarmeo.asm
                     push   0x000102    program     static C:\2021\projeto\alarme\asm\alarmeo.asm
                      pop   0x000114    program     static C:\2021\projeto\alarme\asm\alarmeo.asm
                      top   0x000126    program     static C:\2021\projeto\alarme\asm\alarmeo.asm


