MPASM  5.51                       ALARMEG.ASM   5-6-2021  19:31:55         PAGE  1


LOC  OBJECT CODE     LINE SOURCE TEXT
  VALUE

                      00001 ;       Central de alarme simplificada - arquivo gestor         data    -       03-05-2021 10:42
                      00002 ;                                                                                                       
                                    versão  -       05-05-2021 17:19
                      00003 ;                                                                                                       
                                    versão  -       06-05-2021 15:20
                      00004 ;--Notas--
                      00005 ;       TIMER0:
                      00006 ;       [ps2 .. ps0] = 111 -> escala (E) 1 / 256
                      00007 ;       Ciclo de máquina (C) 1e-6 s
                      00008 ;       Estouro de TMR0, de 8 bits, (T0) = 256
                      00009 ;       Unidade tmplow (W) = (C / E) x T0 = (1e-6 / (1 / 256)) x 256 = 65.536e-6s = 6,5536e-2s ou 65ms
                      00010 ;       Unidade tmpmid (D) = 256 x W = 16.777.216e-6s, ou 17s
                      00011 ;       Unidade tmphig (G) = 256 x D = 4.294.967.296e-6s = 4.294,967296s ou 1h 11min 35s
                      00012 ;       Estouro de tmphig = 256 x G = 305h 25min 12s
                      00013 ;--fim de "Notas"--
                      00014 
                      00015 ;--Cabeçalho--
                      00016         list            p=16f628
                      00017         #include        <p16f628.inc>
                      00001         LIST
                      00002 
                      00003 ;==========================================================================
                      00004 ;  MPASM PIC16F628 processor include
                      00005 ; 
                      00006 ;  (c) Copyright 1999-2013 Microchip Technology, All rights reserved
                      00007 ;==========================================================================
                      00008 
                      00381         LIST
                      00018         #include        "alarme.inc"
                      00001 ;       Central de alarme simplificada - arquivo gestor         data    -       03-05-2021 10:46
                      00002 ;                                                                                                       
                                    Versão  -       05-05-2021 17:09
                      00003 
                      00004 ;--Macros--
                      00005 #define         bank0           bcf     STATUS,RP0
                      00006 #define         bank1           bsf             STATUS,RP0
                      00007 ;--fim de "Macros"--
                      00008 
                      00009 ;--Hardwere--
                      00010 ;       --Teclado--
  00000006            00011 teclado         EQU             PORTB
  00000000            00012 coluna3         EQU             0
  00000001            00013 coluna0         EQU             1
  00000002            00014 coluna1         EQU             2
  00000003            00015 coluna2         EQU             3
  00000004            00016 linh1           EQU             4
  00000005            00017 linh2           EQU             5
  00000006            00018 linh3           EQU             6
  00000007            00019 linh0           EQU             7
                      00020 
                      00021 ;       --Sensor, sirene e led's--
  00000000            00022 verde           EQU             0
  00000001            00023 vermelho        EQU             1
MPASM  5.51                       ALARMEG.ASM   5-6-2021  19:31:55         PAGE  2


LOC  OBJECT CODE     LINE SOURCE TEXT
  VALUE

  00000002            00024 sensor          EQU             2
  00000003            00025 sirene          EQU             3
                      00026 
                      00027 ;--Variáveis--
                      00028 ;       --Espelho de hardwere--
  00000021            00029 espelho         EQU             h'21'
  00000000            00030 ealarme         EQU             0               ;       virtual                                         
                            ..      prg             ->      máquina
  00000001            00031 esensor         EQU             1               ;       físico, entrada                         ..      
                            máquina ->      prg
  00000002            00032 esirene         EQU             2               ;       físico, saida                           ..      
                            prg             ->      máquina
  00000003            00033 eatualiza       EQU             3
  00000004            00034 eled            EQU             4
                      00035 
                      00036 ;       --Controlador de fluxo--
  00000022            00037 fluxo           EQU             h'22'
  00000000            00038 digitou         EQU             0
  00000001            00039 acesso          EQU             1
  00000002            00040 mudasnh         EQU             2
  00000003            00041 contando        EQU             3
  00000004            00042 expirado        EQU             4
  00000005            00043 pisca           EQU             5
                      00044 
                      00045 ;       --Salvamento de contexto--
  00000023            00046 wtmp            EQU             h'23'
  00000024            00047 stmp            EQU             h'24'
                      00048 
                      00049 ;       --Valores da coluna--
  00000025            00050 vlinha1         EQU             h'25'
  00000026            00051 vlinha2         EQU             h'26'
  00000027            00052 vlinha3         EQU             h'27'
  00000028            00053 vlinha4         EQU             h'28'
                      00054 
                      00055 ;       --Temporizador--
  00000029            00056 tmplow          EQU             h'29'
  0000002A            00057 tmpmid          EQU             h'2A'
  0000002B            00058 tmphig          EQU             h'2B'
                      00059 
                      00060 ;       --Senha--
  0000002C            00061 senha0          EQU             h'2C'
  0000002D            00062 senha1          EQU             h'2D'
  0000002E            00063 senha2          EQU             h'2E'
  0000002F            00064 senha3          EQU             h'2F'
                      00065 
                      00066 ;       --Pilha--
  00000067            00067 topo            EQU             h'67'
                      00019 startup code
  0000                00020         extern entradig, processa, espelhar
                      00021         org             h'000'
0000   2???           00022         goto    inicio
                      00023         org             h'004'
0004   2???           00024         goto    isr
MPASM  5.51                       ALARMEG.ASM   5-6-2021  19:31:55         PAGE  3


LOC  OBJECT CODE     LINE SOURCE TEXT
  VALUE

                      00025 
                      00026 ;--Interrupções--
0005                  00027 isr:
                      00028 ;       --Salvamento de contexto--
0005   00A3           00029         movwf wtmp
0006   0E03           00030         swapf STATUS,W
0007   1283           00031         bank0
0008   00A4           00032         movwf stmp
                      00033 
                      00034 ;       --Tratamento--
0009   1D0B           00035         btfss   INTCON,T0IF
000A   2???           00036         goto    isrsai
000B   110B           00037         bcf             INTCON,T0IF
000C   0FA9           00038         incfsz  tmplow,F
000D   2???           00039         goto    $ + 4
000E   0FAA           00040         incfsz  tmpmid,F
000F   2???           00041         goto    $ + 2
0010   0AAB           00042         incf    tmphig,F
0011   1DA2           00043         btfss   fluxo,contando
0012   2???           00044         goto    $ + 6
0013   1D2A           00045         btfss   tmpmid,2
0014   2???           00046         goto    $ + 4
0015   1622           00047         bsf             fluxo,expirado
0016   12A2           00048         bcf             fluxo,pisca
0017   11A2           00049         bcf             fluxo,contando
                      00050 
                      00051 ;       --Recuperação de contexto e retorno--
0018                  00052 isrsai:
0018   0E24           00053         swapf stmp,W
0019   0083           00054         movwf STATUS
001A   0EA3           00055         swapf wtmp,F
001B   0E23           00056         swapf wtmp,W 
001C   0009           00057         retfie
                      00058 
                      00059 ;--Rotina gerente--
001D                  00060 inicio:
                      00061 ;       --Fuses--
001D   3007           00062         movlw   h'07'
001E   009F           00063         movwf   CMCON
001F   30A0           00064         movlw   h'A0'
0020   008B           00065         movwf   INTCON
0021   1683           00066         bank1
0022   3087           00067         movlw   h'87'
Message[302]: Register in operand not in bank 0.  Ensure that bank bits are correct.
0023   0081           00068         movwf   OPTION_REG
0024   30F4           00069         movlw   h'F4'
Message[302]: Register in operand not in bank 0.  Ensure that bank bits are correct.
0025   0085           00070         movwf   TRISA
0026   30F0           00071         movlw   h'F0'
Message[302]: Register in operand not in bank 0.  Ensure that bank bits are correct.
0027   0086           00072         movwf   TRISB
0028   1283           00073         bank0
                      00074 
MPASM  5.51                       ALARMEG.ASM   5-6-2021  19:31:55         PAGE  4


LOC  OBJECT CODE     LINE SOURCE TEXT
  VALUE

                      00075 ;       --Valores iniciais--
0029   01A1           00076         clrf    espelho
002A   1185           00077         bcf             PORTA,sirene
002B   1905           00078         btfsc   PORTA,sensor
002C   2???           00079         goto    $ + 4
002D   1405           00080         bsf             PORTA,verde
002E   1085           00081         bcf             PORTA,vermelho
002F   2???           00082         goto    $ + 3
0030   1005           00083         bcf             PORTA,verde
0031   1485           00084         bsf             PORTA,vermelho
0032   3031           00085         movlw   '1'
0033   00AC           00086         movwf   senha0
0034   3032           00087         movlw   '2'
0035   00AD           00088         movwf   senha1
0036   3033           00089         movlw   '3'
0037   00AE           00090         movwf   senha2
0038   3034           00091         movlw   '4'
0039   00AF           00092         movwf   senha3
003A   01A9           00093         clrf    tmplow
003B   01AA           00094         clrf    tmpmid
003C   01AB           00095         clrf    tmphig
                      00096 
                      00097 ;       --Loop--
003D                  00098 sentinela:
003D   2???           00099         call    espelhar
003E   1022           00100         bcf             fluxo,digitou
003F   2???           00101         call    entradig
0040   1822           00102         btfsc   fluxo,digitou
0041   2???           00103         call    processa
0042   2???           00104         goto    sentinela
                      00105         end
MPASM  5.51                       ALARMEG.ASM   5-6-2021  19:31:55         PAGE  5


SYMBOL TABLE
  LABEL                             VALUE 

ADDEN                             00000003
ADEN                              00000003
BRGH                              00000002
C                                 00000000
C1INV                             00000004
C1OUT                             00000006
C2INV                             00000005
C2OUT                             00000007
CCP1CON                           00000017
CCP1IE                            00000002
CCP1IF                            00000002
CCP1M0                            00000000
CCP1M1                            00000001
CCP1M2                            00000002
CCP1M3                            00000003
CCP1X                             00000005
CCP1Y                             00000004
CCPR1                             00000015
CCPR1H                            00000016
CCPR1L                            00000015
CIS                               00000003
CM0                               00000000
CM1                               00000001
CM2                               00000002
CMCON                             0000001F
CMIE                              00000006
CMIF                              00000006
CREN                              00000004
CSRC                              00000007
DATA_CP_OFF                       00003FFF
DATA_CP_ON                        00003EFF
DC                                00000001
EEADR                             0000009B
EECON1                            0000009C
EECON2                            0000009D
EEDATA                            0000009A
EEIE                              00000007
EEIF                              00000007
F                                 00000001
FERR                              00000002
FSR                               00000004
GIE                               00000007
INDF                              00000000
INTCON                            0000000B
INTE                              00000004
INTEDG                            00000006
INTF                              00000001
IRP                               00000007
NOT_BO                            00000000
NOT_BOD                           00000000
NOT_BOR                           00000000
NOT_PD                            00000003
NOT_POR                           00000001
MPASM  5.51                       ALARMEG.ASM   5-6-2021  19:31:55         PAGE  6


SYMBOL TABLE
  LABEL                             VALUE 

NOT_RBPU                          00000007
NOT_T1SYNC                        00000002
NOT_TO                            00000004
OERR                              00000001
OPTION_REG                        00000081
OSCF                              00000003
PCL                               00000002
PCLATH                            0000000A
PCON                              0000008E
PEIE                              00000006
PIE1                              0000008C
PIR1                              0000000C
PORTA                             00000005
PORTB                             00000006
PR2                               00000092
PS0                               00000000
PS1                               00000001
PS2                               00000002
PSA                               00000003
RA0                               00000000
RA1                               00000001
RA2                               00000002
RA3                               00000003
RA4                               00000004
RA5                               00000005
RA6                               00000006
RA7                               00000007
RB0                               00000000
RB1                               00000001
RB2                               00000002
RB3                               00000003
RB4                               00000004
RB5                               00000005
RB6                               00000006
RB7                               00000007
RBIE                              00000003
RBIF                              00000000
RCIE                              00000005
RCIF                              00000005
RCREG                             0000001A
RCSTA                             00000018
RD                                00000000
RP0                               00000005
RP1                               00000006
RX9                               00000006
RX9D                              00000000
SPBRG                             00000099
SPEN                              00000007
SREN                              00000005
STATUS                            00000003
SYNC                              00000004
T0CS                              00000005
T0IE                              00000005
MPASM  5.51                       ALARMEG.ASM   5-6-2021  19:31:55         PAGE  7


SYMBOL TABLE
  LABEL                             VALUE 

T0IF                              00000002
T0SE                              00000004
T1CKPS0                           00000004
T1CKPS1                           00000005
T1CON                             00000010
T1OSCEN                           00000003
T2CKPS0                           00000000
T2CKPS1                           00000001
T2CON                             00000012
TMR0                              00000001
TMR0IE                            00000005
TMR0IF                            00000002
TMR1                              0000000E
TMR1CS                            00000001
TMR1H                             0000000F
TMR1IE                            00000000
TMR1IF                            00000000
TMR1L                             0000000E
TMR1ON                            00000000
TMR2                              00000011
TMR2IE                            00000001
TMR2IF                            00000001
TMR2ON                            00000002
TOUTPS0                           00000003
TOUTPS1                           00000004
TOUTPS2                           00000005
TOUTPS3                           00000006
TRISA                             00000085
TRISA0                            00000000
TRISA1                            00000001
TRISA2                            00000002
TRISA3                            00000003
TRISA4                            00000004
TRISA5                            00000005
TRISA6                            00000006
TRISA7                            00000007
TRISB                             00000086
TRISB0                            00000000
TRISB1                            00000001
TRISB2                            00000002
TRISB3                            00000003
TRISB4                            00000004
TRISB5                            00000005
TRISB6                            00000006
TRISB7                            00000007
TRMT                              00000001
TX9                               00000006
TX9D                              00000000
TXEN                              00000005
TXIE                              00000004
TXIF                              00000004
TXREG                             00000019
TXSTA                             00000098
MPASM  5.51                       ALARMEG.ASM   5-6-2021  19:31:55         PAGE  8


SYMBOL TABLE
  LABEL                             VALUE 

VR0                               00000000
VR1                               00000001
VR2                               00000002
VR3                               00000003
VRCON                             0000009F
VREN                              00000007
VROE                              00000006
VRR                               00000005
W                                 00000000
WR                                00000001
WREN                              00000002
WRERR                             00000003
Z                                 00000002
_.org_1_000D                      0000000D
_.org_1_000F                      0000000F
_.org_1_0012                      00000012
_.org_1_0014                      00000014
_.org_1_002C                      0000002C
_.org_1_002F                      0000002F
_BODEN_OFF                        00003FBF
_BODEN_ON                         00003FFF
_BOREN_OFF                        00003FBF
_BOREN_ON                         00003FFF
_CONFIG                           00002007
_CPD_OFF                          00003FFF
_CPD_ON                           00003EFF
_CP_50                            00002BFF
_CP_75                            000017FF
_CP_ALL                           000003FF
_CP_OFF                           00003FFF
_DEVID1                           00002006
_ER_OSC_CLKOUT                    00003FFF
_ER_OSC_NOCLKOUT                  00003FFE
_EXTCLK_OSC                       00003FEF
_FOSC_ECIO                        00003FEF
_FOSC_ERCLK                       00003FFF
_FOSC_ERIO                        00003FFE
_FOSC_HS                          00003FEE
_FOSC_INTOSCCLK                   00003FFD
_FOSC_INTOSCIO                    00003FFC
_FOSC_LP                          00003FEC
_FOSC_XT                          00003FED
_HS_OSC                           00003FEE
_IDLOC0                           00002000
_IDLOC1                           00002001
_IDLOC2                           00002002
_IDLOC3                           00002003
_INTRC_OSC_CLKOUT                 00003FFD
_INTRC_OSC_NOCLKOUT               00003FFC
_LP_OSC                           00003FEC
_LVP_OFF                          00003F7F
_LVP_ON                           00003FFF
_MCLRE_OFF                        00003FDF
MPASM  5.51                       ALARMEG.ASM   5-6-2021  19:31:55         PAGE  9


SYMBOL TABLE
  LABEL                             VALUE 

_MCLRE_ON                         00003FFF
_PWRTE_OFF                        00003FFF
_PWRTE_ON                         00003FF7
_WDTE_OFF                         00003FFB
_WDTE_ON                          00003FFF
_WDT_OFF                          00003FFB
_WDT_ON                           00003FFF
_XT_OSC                           00003FED
__16F628                          00000001
__DEBUG                           1
acesso                            00000001
bank0                             bcf     STATUS,RP0
bank1                             bsf             STATUS,RP0
coluna0                           00000001
coluna1                           00000002
coluna2                           00000003
coluna3                           00000000
contando                          00000003
digitou                           00000000
ealarme                           00000000
eatualiza                         00000003
eled                              00000004
entradig                          00000000
esensor                           00000001
esirene                           00000002
espelhar                          00000000
espelho                           00000021
expirado                          00000004
fluxo                             00000022
inicio                            0000001D
isr                               00000005
isrsai                            00000018
linh0                             00000007
linh1                             00000004
linh2                             00000005
linh3                             00000006
mudasnh                           00000002
pisca                             00000005
processa                          00000000
senha0                            0000002C
senha1                            0000002D
senha2                            0000002E
senha3                            0000002F
sensor                            00000002
sentinela                         0000003D
sirene                            00000003
stmp                              00000024
teclado                           00000006
tmphig                            0000002B
tmplow                            00000029
tmpmid                            0000002A
topo                              00000067
verde                             00000000
MPASM  5.51                       ALARMEG.ASM   5-6-2021  19:31:55         PAGE 10


SYMBOL TABLE
  LABEL                             VALUE 

vermelho                          00000001
vlinha1                           00000025
vlinha2                           00000026
vlinha3                           00000027
vlinha4                           00000028
wtmp                              00000023

Errors   :     0
Warnings :     0 reported,     0 suppressed
Messages :     3 reported,     0 suppressed

